// Jest Snapshot v1, https://goo.gl/fbAQLP

exports[`Button is a Vue instance 1`] = `"<button class=\\"py-2 px-8 rounded-lg bg-green-500 text-white hover:bg-green-600\\"></button>"`;
